**** Following environment variables are going to be unset.
      X86_64_V3_PATH
      X86_64_V3_PYTHON3PATH
      INTEL_LICENSE_FILE

[repro] cpu leg A
[repro] cpu leg B
[repro] gpu leg A
[repro] gpu leg B

################ CPU run-to-run ################
nT3 / nEdgeRows per event:
  evt   0  nT3 35420/35420   nEdge 74597/74597
  evt   1  nT3 37151/37151   nEdge 86223/86223
  evt   2  nT3 38604/38604   nEdge 88289/88289
  evt   3  nT3 44751/44751   nEdge 106450/106450
  evt   4  nT3 25288/25288   nEdge 50090/50090

=== (1) chain identity on the stable MD-hit key alone ===
 evt       A       B  common  onlyA  onlyB   ident%
   0    4242    4242    4242      0      0  100.00%
   1    4288    4288    4288      0      0  100.00%
   2    4224    4224    4224      0      0  100.00%
   3    4740    4740    4740      0      0  100.00%
   4    3320    3320    3320      0      0  100.00%

CHAIN(mds) TOTAL A=20814 B=20814 common=20814
CHAIN(mds) IDENTITY = 100.0000%  (worst event 0: 100.00%)

=== (2) chain identity on MD key + nLayers + branch + trim + flags + score bits ===
 evt       A       B  common  onlyA  onlyB   ident%
   0    4242    4242    4242      0      0  100.00%
   1    4288    4288    4288      0      0  100.00%
   2    4224    4224    4224      0      0  100.00%
   3    4740    4740    4740      0      0  100.00%
   4    3320    3320    3320      0      0  100.00%

CHAIN(full) TOTAL A=20814 B=20814 common=20814
CHAIN(full) IDENTITY = 100.0000%  (worst event 0: 100.00%)
 evt       A       B  common  onlyA  onlyB   ident%
   0    1943    1943    1943      0      0  100.00%
   1    1916    1916    1916      0      0  100.00%
   2    1933    1933    1933      0      0  100.00%
   3    2060    2060    2060      0      0  100.00%
   4    1703    1703    1703      0      0  100.00%

TC TOTAL A=9555 B=9555 common=9555
TC IDENTITY = 100.0000%  (worst event 0: 100.00%)

################ GPU run-to-run ################
nT3 / nEdgeRows per event:
  evt   0  nT3 35419/35419   nEdge 74597/74597
  evt   1  nT3 37157/37157   nEdge 86243/86243
  evt   2  nT3 38608/38608   nEdge 88312/88312
  evt   3  nT3 44749/44749   nEdge 106449/106449
  evt   4  nT3 25287/25287   nEdge 50088/50088

=== (1) chain identity on the stable MD-hit key alone ===
 evt       A       B  common  onlyA  onlyB   ident%
   0    4241    4241    3961    280    280   93.40%
   1    4288    4286    3989    299    297   93.03%
   2    4227    4223    3939    288    284   93.19%
   3    4737    4736    4357    380    379   91.98%
   4    3318    3319    3119    199    200   94.00%

CHAIN(mds) TOTAL A=20811 B=20805 common=19365
CHAIN(mds) IDENTITY = 93.0518%  (worst event 3: 91.98%)

=== (2) chain identity on MD key + nLayers + branch + trim + flags + score bits ===
 evt       A       B  common  onlyA  onlyB   ident%
   0    4241    4241    3960    281    281   93.37%
   1    4288    4286    3987    301    299   92.98%
   2    4227    4223    3937    290    286   93.14%
   3    4737    4736    4355    382    381   91.94%
   4    3318    3319    3112    206    207   93.79%

CHAIN(full) TOTAL A=20811 B=20805 common=19351
CHAIN(full) IDENTITY = 92.9845%  (worst event 3: 91.94%)
 evt       A       B  common  onlyA  onlyB   ident%
   0    1943    1941    1882     61     59   96.86%
   1    1916    1916    1853     63     63   96.71%
   2    1933    1933    1876     57     57   97.05%
   3    2060    2058    1991     69     67   96.65%
   4    1704    1703    1658     46     45   97.30%

TC TOTAL A=9556 B=9551 common=9260
TC IDENTITY = 96.9025%  (worst event 3: 96.65%)

################ CPU vs GPU ################
nT3 / nEdgeRows per event:
  evt   0  nT3 35420/35419   nEdge 74597/74597   <-- UPSTREAM DIFFERS
  evt   1  nT3 37151/37157   nEdge 86223/86243   <-- UPSTREAM DIFFERS
  evt   2  nT3 38604/38608   nEdge 88289/88312   <-- UPSTREAM DIFFERS
  evt   3  nT3 44751/44749   nEdge 106450/106449   <-- UPSTREAM DIFFERS
  evt   4  nT3 25288/25287   nEdge 50090/50088   <-- UPSTREAM DIFFERS

=== (1) chain identity on the stable MD-hit key alone ===
 evt       A       B  common  onlyA  onlyB   ident%
   0    4242    4241    3973    269    268   93.66%
   1    4288    4288    3963    325    325   92.42%
   2    4224    4227    3928    296    299   92.99%
   3    4740    4737    4421    319    316   93.27%
   4    3320    3318    3114    206    204   93.80%

CHAIN(mds) TOTAL A=20814 B=20811 common=19399
CHAIN(mds) IDENTITY = 93.2017%  (worst event 1: 92.42%)

=== (2) chain identity on MD key + nLayers + branch + trim + flags + score bits ===
 evt       A       B  common  onlyA  onlyB   ident%
   0    4242    4241    1804   2438   2437   42.53%
   1    4288    4288    1933   2355   2355   45.08%
   2    4224    4227    1947   2277   2280   46.09%
   3    4740    4737    2178   2562   2559   45.95%
   4    3320    3318    1264   2056   2054   38.07%

CHAIN(full) TOTAL A=20814 B=20811 common=9126
CHAIN(full) IDENTITY = 43.8455%  (worst event 4: 38.07%)
 evt       A       B  common  onlyA  onlyB   ident%
   0    1943    1943    1885     58     58   97.01%
   1    1916    1916    1853     63     63   96.71%
   2    1933    1933    1869     64     64   96.69%
   3    2060    2060    1986     74     74   96.41%
   4    1703    1704    1653     50     51   97.06%

TC TOTAL A=9555 B=9556 common=9246
TC IDENTITY = 96.7661%  (worst event 3: 96.41%)
