**** Following environment variables are going to be unset.
      X86_64_V3_PATH
      X86_64_V3_PYTHON3PATH
      INTEL_LICENSE_FILE

[repro] cpu leg A
[repro] cpu leg B
[repro] gpu leg A
[repro] gpu leg B

################ CPU run-to-run ################
nT3 / nEdgeRows per event:
  evt   0  nT3 35420/35420   nEdge 74597/74597
  evt   1  nT3 37151/37151   nEdge 86223/86223
  evt   2  nT3 38604/38604   nEdge 88289/88289
  evt   3  nT3 44751/44751   nEdge 106450/106450
  evt   4  nT3 25288/25288   nEdge 50090/50090

=== (1) chain identity on the stable MD-hit key alone ===
 evt       A       B  common  onlyA  onlyB   ident%
   0    4248    4248    4248      0      0  100.00%
   1    4281    4281    4281      0      0  100.00%
   2    4223    4223    4223      0      0  100.00%
   3    4746    4746    4746      0      0  100.00%
   4    3323    3323    3323      0      0  100.00%

CHAIN(mds) TOTAL A=20821 B=20821 common=20821
CHAIN(mds) IDENTITY = 100.0000%  (worst event 0: 100.00%)

=== (2) chain identity on MD key + nLayers + branch + trim + flags + score bits ===
 evt       A       B  common  onlyA  onlyB   ident%
   0    4248    4248    4248      0      0  100.00%
   1    4281    4281    4281      0      0  100.00%
   2    4223    4223    4223      0      0  100.00%
   3    4746    4746    4746      0      0  100.00%
   4    3323    3323    3323      0      0  100.00%

CHAIN(full) TOTAL A=20821 B=20821 common=20821
CHAIN(full) IDENTITY = 100.0000%  (worst event 0: 100.00%)
 evt       A       B  common  onlyA  onlyB   ident%
   0    1941    1941    1941      0      0  100.00%
   1    1916    1916    1916      0      0  100.00%
   2    1933    1933    1933      0      0  100.00%
   3    2060    2060    2060      0      0  100.00%
   4    1704    1704    1704      0      0  100.00%

TC TOTAL A=9554 B=9554 common=9554
TC IDENTITY = 100.0000%  (worst event 0: 100.00%)

################ GPU run-to-run ################
nT3 / nEdgeRows per event:
  evt   0  nT3 35419/35419   nEdge 74597/74597
  evt   1  nT3 37157/37157   nEdge 86243/86243
  evt   2  nT3 38608/38608   nEdge 88312/88312
  evt   3  nT3 44749/44749   nEdge 106449/106449
  evt   4  nT3 25287/25287   nEdge 50088/50088

=== (1) chain identity on the stable MD-hit key alone ===
 evt       A       B  common  onlyA  onlyB   ident%
   0    4248    4248    4248      0      0  100.00%
   1    4281    4281    4281      0      0  100.00%
   2    4226    4226    4226      0      0  100.00%
   3    4744    4744    4744      0      0  100.00%
   4    3323    3323    3323      0      0  100.00%

CHAIN(mds) TOTAL A=20822 B=20822 common=20822
CHAIN(mds) IDENTITY = 100.0000%  (worst event 0: 100.00%)

=== (2) chain identity on MD key + nLayers + branch + trim + flags + score bits ===
 evt       A       B  common  onlyA  onlyB   ident%
   0    4248    4248    4248      0      0  100.00%
   1    4281    4281    4281      0      0  100.00%
   2    4226    4226    4226      0      0  100.00%
   3    4744    4744    4744      0      0  100.00%
   4    3323    3323    3323      0      0  100.00%

CHAIN(full) TOTAL A=20822 B=20822 common=20822
CHAIN(full) IDENTITY = 100.0000%  (worst event 0: 100.00%)
 evt       A       B  common  onlyA  onlyB   ident%
   0    1942    1942    1936      6      6   99.69%
   1    1916    1916    1908      8      8   99.58%
   2    1933    1933    1925      8      8   99.59%
   3    2059    2059    2053      6      6   99.71%
   4    1704    1704    1700      4      4   99.77%

TC TOTAL A=9554 B=9554 common=9522
TC IDENTITY = 99.6651%  (worst event 1: 99.58%)

################ CPU vs GPU ################
nT3 / nEdgeRows per event:
  evt   0  nT3 35420/35419   nEdge 74597/74597   <-- UPSTREAM DIFFERS
  evt   1  nT3 37151/37157   nEdge 86223/86243   <-- UPSTREAM DIFFERS
  evt   2  nT3 38604/38608   nEdge 88289/88312   <-- UPSTREAM DIFFERS
  evt   3  nT3 44751/44749   nEdge 106450/106449   <-- UPSTREAM DIFFERS
  evt   4  nT3 25288/25287   nEdge 50090/50088   <-- UPSTREAM DIFFERS

=== (1) chain identity on the stable MD-hit key alone ===
 evt       A       B  common  onlyA  onlyB   ident%
   0    4248    4248    4248      0      0  100.00%
   1    4281    4281    4276      5      5   99.88%
   2    4223    4226    4223      0      3  100.00%
   3    4746    4744    4739      7      5   99.85%
   4    3323    3323    3323      0      0  100.00%

CHAIN(mds) TOTAL A=20821 B=20822 common=20809
CHAIN(mds) IDENTITY = 99.9424%  (worst event 3: 99.85%)

=== (2) chain identity on MD key + nLayers + branch + trim + flags + score bits ===
 evt       A       B  common  onlyA  onlyB   ident%
   0    4248    4248    1928   2320   2320   45.39%
   1    4281    4281    2074   2207   2207   48.45%
   2    4223    4226    2070   2153   2156   49.02%
   3    4746    4744    2324   2422   2420   48.97%
   4    3323    3323    1339   1984   1984   40.29%

CHAIN(full) TOTAL A=20821 B=20822 common=9735
CHAIN(full) IDENTITY = 46.7557%  (worst event 4: 40.29%)
 evt       A       B  common  onlyA  onlyB   ident%
   0    1941    1942    1932      9     10   99.54%
   1    1916    1916    1908      8      8   99.58%
   2    1933    1933    1926      7      7   99.64%
   3    2060    2059    2055      5      4   99.76%
   4    1704    1704    1696      8      8   99.53%

TC TOTAL A=9554 B=9554 common=9517
TC IDENTITY = 99.6127%  (worst event 4: 99.53%)
